 Image src-backend Building 
 Image src-celery-worker Building 
 Image src-celery-beat Building 
#1 [internal] load local bake definitions
#1 reading from stdin 1.56kB done
#1 DONE 0.0s

#2 [celery-worker internal] load build definition from Dockerfile
#2 DONE 0.0s

#2 [celery-beat internal] load build definition from Dockerfile
#2 transferring dockerfile: 2.48kB done
#2 DONE 0.0s

#3 [celery-beat internal] load metadata for docker.io/library/python:3.11-slim
#3 DONE 1.3s

#4 [celery-beat internal] load .dockerignore
#4 transferring context: 663B done
#4 DONE 0.0s

#5 [backend base 1/2] FROM docker.io/library/python:3.11-slim@sha256:ae52c5bef62a6bdd42cd1e8dffef86b9cd284bde9427da79839de7a4b983e7ca
#5 resolve docker.io/library/python:3.11-slim@sha256:ae52c5bef62a6bdd42cd1e8dffef86b9cd284bde9427da79839de7a4b983e7ca 0.0s done
#5 DONE 0.0s

#6 [celery-worker internal] load build context
#6 transferring context: 28.75kB 0.0s done
#6 DONE 0.0s

#7 [celery-worker deps 3/3] RUN pip install --no-cache-dir --upgrade pip     && pip install --no-cache-dir -r requirements.txt
#7 CACHED

#8 [celery-worker deps 2/3] COPY requirements.txt .
#8 CACHED

#9 [celery-worker runtime 1/4] WORKDIR /app
#9 CACHED

#10 [celery-worker deps 1/3] WORKDIR /app
#10 CACHED

#11 [celery-worker runtime 2/4] COPY . .
#11 CACHED

#12 [celery-worker base 2/2] RUN apt-get update && apt-get install -y --no-install-recommends     poppler-utils     libpq-dev     build-essential     libffi-dev     curl     && rm -rf /var/lib/apt/lists/*
#12 CACHED

#13 [celery-worker runtime 3/4] RUN chmod +x entrypoint.sh
#13 CACHED

#14 [celery-beat runtime 4/4] RUN groupadd -r edumind && useradd -r -g edumind -d /app -s /sbin/nologin edumind     && mkdir -p /app/data/textbooks     && chown -R edumind:edumind /app
#14 CACHED

#15 [celery-worker] exporting to image
#15 exporting layers done
#15 exporting manifest sha256:55624ef212805bae498bed42b26c76dd8a6e7ab876561b8df8bd3830ba714a66 done
#15 exporting config sha256:3785667f480a46dceb43011f48ac8fe6a5b7e937c108c3ea815396a5c217af85 done
#15 exporting attestation manifest sha256:23dcdbbbe7f0c3c132d12ee93952ffb81a21383338e323a79f20c090d5beadcb
#15 exporting attestation manifest sha256:23dcdbbbe7f0c3c132d12ee93952ffb81a21383338e323a79f20c090d5beadcb 0.0s done
#15 exporting manifest list sha256:78fce1cb0ae12abdcfb6be436a7334c15c7a2fbe16e5e48ad02ae318042a8fa6 0.0s done
#15 naming to docker.io/library/src-celery-worker:latest done
#15 unpacking to docker.io/library/src-celery-worker:latest 0.0s done
#15 DONE 0.1s

#16 [celery-beat] exporting to image
#16 exporting layers done
#16 exporting manifest sha256:0d77d9311fd664261e6f86705eafff8fdb666eedeba86eec1d8732299814407a done
#16 exporting config sha256:b2823927e2bbe628acfefe35d23a08552647ada814524478ca9ae071aa8a2055 done
#16 exporting attestation manifest sha256:0a23efda159a56e74bedabf5fb9b96e46f1e1e972b9ac267724e0fe6a3de1b78 0.0s done
#16 exporting manifest list sha256:615e7ef901b534dde86c2fb482d7c4b594fe0eb0ebfa33b3739483c62f230d0c 0.0s done
#16 naming to docker.io/library/src-celery-beat:latest done
#16 unpacking to docker.io/library/src-celery-beat:latest done
#16 DONE 0.1s

#17 [backend] exporting to image
#17 exporting layers done
#17 exporting manifest sha256:8f217cbbd3f3ee9934949f7a4d070bc8fa32caf5fc25a9c50cccc9b5bfd4c761 done
#17 exporting config sha256:520c8c202cb28a4f4751e82fb14978c0d501e56d4478359f5db3f8cb60f3f1e8 done
#17 exporting attestation manifest sha256:2e43729c33149dea803b0e5316e270c1bb165c6266cb1b2b7bbfd77108a4727a 0.0s done
#17 exporting manifest list sha256:0ff06dd94429828ab58e38f0a03c7e0650b9c276156883162dbd60f1853033a4 0.0s done
#17 naming to docker.io/library/src-backend:latest done
#17 unpacking to docker.io/library/src-backend:latest done
#17 DONE 0.1s

#18 [celery-beat] resolving provenance for metadata file
#18 DONE 0.0s

#19 [backend] resolving provenance for metadata file
#19 DONE 0.0s

#20 [celery-worker] resolving provenance for metadata file
#20 DONE 0.0s
 Image src-celery-beat Built 
 Image src-celery-worker Built 
 Image src-backend Built 
 Container edumind-redis Running 
 Container edumind-postgres Running 
 Container edumind-celery-worker Recreate 
 Container edumind-backend Recreate 
 Container edumind-celery-beat Recreate 
 Container edumind-celery-beat Recreated 
 Container edumind-backend Recreated 
 Container edumind-frontend-web Running 
 Container edumind-celery-worker Recreated 
 Container edumind-redis Waiting 
 Container edumind-postgres Waiting 
 Container edumind-redis Waiting 
 Container edumind-postgres Waiting 
 Container edumind-redis Waiting 
 Container edumind-postgres Waiting 
 Container edumind-redis Healthy 
 Container edumind-postgres Healthy 
 Container edumind-postgres Healthy 
 Container edumind-celery-beat Starting 
 Container edumind-redis Healthy 
 Container edumind-postgres Healthy 
 Container edumind-backend Starting 
 Container edumind-redis Healthy 
 Container edumind-celery-worker Starting 
 Container edumind-celery-beat Started 
 Container edumind-celery-worker Started 
 Container edumind-backend Started 
 Container edumind-backend Waiting 
 Container edumind-backend Healthy 
